// Jest Snapshot v1, https://goo.gl/fbAQLP

exports[`App.vue component should render without crashing 1`] = `
<div id="app">
  <h1>
    ToDo list
  </h1>
  <div class="todosContainer">
    <todo-stub todo="[object Object]"></todo-stub>
    <todo-stub todo="[object Object]"></todo-stub>
    <todo-stub todo="[object Object]"></todo-stub>
  </div>
  <createnewtodo-stub></createnewtodo-stub>
</div>
`;
